

================================================================
== Synthesis Summary Report of 'example'
================================================================
+ General Information: 
    * Date:           Fri Feb 17 10:01:55 2023
    * Version:        2022.2 (Build 3670227 on Oct 13 2022)
    * Project:        pynq_axis_adder
    * Solution:       solution1 (Vivado IP Flow Target)
    * Product family: zynq
    * Target device:  xc7z020-clg400-1
    

+ Performance & Resource Estimates: 
    
    PS: '+' for module; 'o' for loop; '*' for dataflow
    +--------------------+------+------+---------+--------+----------+---------+------+----------+------+----+----------+-----------+-----+
    |       Modules      | Issue|      | Latency | Latency| Iteration|         | Trip |          |      |    |          |           |     |
    |       & Loops      | Type | Slack| (cycles)|  (ns)  |  Latency | Interval| Count| Pipelined| BRAM | DSP|    FF    |    LUT    | URAM|
    +--------------------+------+------+---------+--------+----------+---------+------+----------+------+----+----------+-----------+-----+
    |+ example           |     -|  4.75|        -|       -|         -|        -|     -|        no|     -|   -|  40 (~0%)|  125 (~0%)|    -|
    | o VITIS_LOOP_28_1  |     -|  7.30|        -|       -|         2|        1|     -|       yes|     -|   -|         -|          -|    -|
    +--------------------+------+------+---------+--------+----------+---------+------+----------+------+----+----------+-----------+-----+


================================================================
== HW Interfaces
================================================================
* S_AXILITE Interfaces
+---------------+------------+---------------+
| Interface     | Data Width | Address Width |
+---------------+------------+---------------+
| s_axi_control | 32         | 4             |
+---------------+------------+---------------+

* S_AXILITE Registers
+---------------+----------+--------+-------+--------+----------------------------------+----------------------------------------------------------------------+
| Interface     | Register | Offset | Width | Access | Description                      | Bit Fields                                                           |
+---------------+----------+--------+-------+--------+----------------------------------+----------------------------------------------------------------------+
| s_axi_control | CTRL     | 0x00   | 32    | RW     | Control signals                  | 0=AP_START 1=AP_DONE 2=AP_IDLE 3=AP_READY 7=AUTO_RESTART 9=INTERRUPT |
| s_axi_control | GIER     | 0x04   | 32    | RW     | Global Interrupt Enable Register | 0=Enable                                                             |
| s_axi_control | IP_IER   | 0x08   | 32    | RW     | IP Interrupt Enable Register     | 0=CHAN0_INT_EN 1=CHAN1_INT_EN                                        |
| s_axi_control | IP_ISR   | 0x0c   | 32    | RW     | IP Interrupt Status Register     | 0=CHAN0_INT_ST 1=CHAN1_INT_ST                                        |
+---------------+----------+--------+-------+--------+----------------------------------+----------------------------------------------------------------------+

* AXIS
+-----------+---------------+-------+-------+-----+-------+-------+--------+-------+-------+--------+
| Interface | Register Mode | TDATA | TDEST | TID | TKEEP | TLAST | TREADY | TSTRB | TUSER | TVALID |
+-----------+---------------+-------+-------+-----+-------+-------+--------+-------+-------+--------+
| A         | both          | 32    | 6     | 5   | 4     | 1     | 1      | 4     | 2     | 1      |
| B         | both          | 32    | 6     | 5   | 4     | 1     | 1      | 4     | 2     | 1      |
+-----------+---------------+-------+-------+-----+-------+-------+--------+-------+-------+--------+

* TOP LEVEL CONTROL
+-----------+------------+-----------+
| Interface | Type       | Ports     |
+-----------+------------+-----------+
| ap_clk    | clock      | ap_clk    |
| ap_rst_n  | reset      | ap_rst_n  |
| interrupt | interrupt  | interrupt |
| ap_ctrl   | ap_ctrl_hs |           |
+-----------+------------+-----------+


================================================================
== SW I/O Information
================================================================
* Top Function Arguments
+----------+-----------+--------------------------------------------+
| Argument | Direction | Datatype                                   |
+----------+-----------+--------------------------------------------+
| A        | in        | stream<hls::axis<ap_int<32>, 2, 5, 6>, 0>& |
| B        | out       | stream<hls::axis<ap_int<32>, 2, 5, 6>, 0>& |
+----------+-----------+--------------------------------------------+

* SW-to-HW Mapping
+----------+--------------+-----------+
| Argument | HW Interface | HW Type   |
+----------+--------------+-----------+
| A        | A            | interface |
| B        | B            | interface |
+----------+--------------+-----------+


================================================================
== M_AXI Burst Information
================================================================
 Note: All burst requests might be further partitioned into multiple requests during RTL generation based on max_read_burst_length or max_write_burst_length settings.

  No burst in design

================================================================
== Bind Op Report
================================================================
+------------------------+-----+--------+--------------+-----+--------+---------+
| Name                   | DSP | Pragma | Variable     | Op  | Impl   | Latency |
+------------------------+-----+--------+--------------+-----+--------+---------+
| + example              | 0   |        |              |     |        |         |
|   B_TDATA_int_regslice | -   |        | tmp_data_V_1 | add | fabric | 0       |
+------------------------+-----+--------+--------------+-----+--------+---------+


================================================================
== Bind Storage Report
================================================================
  No bind storage info in design

================================================================
== Pragma Report
================================================================
* Valid Pragma Syntax
+-----------+----------------------------+---------------------------------------------------+
| Type      | Options                    | Location                                          |
+-----------+----------------------------+---------------------------------------------------+
| interface | axis port=A                | pynq_axis_adder/example.cpp:23 in example, A      |
| interface | axis port=B                | pynq_axis_adder/example.cpp:24 in example, B      |
| interface | mode=s_axilite port=return | pynq_axis_adder/example.cpp:25 in example, return |
+-----------+----------------------------+---------------------------------------------------+


